> Task :gradle-plugin:shared:checkKotlinGradlePluginConfigurationErrors SKIPPED
> Task :gradle-plugin:settings-plugin:checkKotlinGradlePluginConfigurationErrors SKIPPED
> Task :expo-gradle-plugin:expo-autolinking-settings-plugin:checkKotlinGradlePluginConfigurationErrors SKIPPED
> Task :expo-gradle-plugin:expo-autolinking-plugin-shared:checkKotlinGradlePluginConfigurationErrors SKIPPED
> Task :gradle-plugin:settings-plugin:pluginDescriptors UP-TO-DATE
> Task :expo-gradle-plugin:expo-autolinking-settings-plugin:pluginDescriptors UP-TO-DATE
> Task :gradle-plugin:settings-plugin:processResources UP-TO-DATE
> Task :expo-gradle-plugin:expo-autolinking-settings-plugin:processResources UP-TO-DATE
> Task :gradle-plugin:shared:compileKotlin UP-TO-DATE
> Task :gradle-plugin:shared:compileJava NO-SOURCE
> Task :expo-gradle-plugin:expo-autolinking-plugin-shared:compileKotlin UP-TO-DATE
> Task :gradle-plugin:shared:processResources NO-SOURCE
> Task :gradle-plugin:shared:classes UP-TO-DATE
> Task :expo-gradle-plugin:expo-autolinking-plugin-shared:compileJava NO-SOURCE
> Task :expo-gradle-plugin:expo-autolinking-plugin-shared:processResources NO-SOURCE
> Task :expo-gradle-plugin:expo-autolinking-plugin-shared:classes UP-TO-DATE
> Task :gradle-plugin:shared:jar UP-TO-DATE
> Task :expo-gradle-plugin:expo-autolinking-plugin-shared:jar UP-TO-DATE
> Task :gradle-plugin:settings-plugin:compileKotlin UP-TO-DATE
> Task :gradle-plugin:settings-plugin:compileJava NO-SOURCE
> Task :gradle-plugin:settings-plugin:classes UP-TO-DATE
> Task :expo-gradle-plugin:expo-autolinking-settings-plugin:compileKotlin UP-TO-DATE
> Task :gradle-plugin:settings-plugin:jar UP-TO-DATE
> Task :expo-gradle-plugin:expo-autolinking-settings-plugin:compileJava NO-SOURCE
> Task :expo-gradle-plugin:expo-autolinking-settings-plugin:classes UP-TO-DATE
> Task :expo-gradle-plugin:expo-autolinking-settings-plugin:jar UP-TO-DATE
> Task :expo-gradle-plugin:expo-autolinking-plugin:checkKotlinGradlePluginConfigurationErrors SKIPPED
> Task :gradle-plugin:react-native-gradle-plugin:checkKotlinGradlePluginConfigurationErrors SKIPPED
> Task :expo-module-gradle-plugin:checkKotlinGradlePluginConfigurationErrors SKIPPED
> Task :expo-module-gradle-plugin:pluginDescriptors UP-TO-DATE
> Task :expo-module-gradle-plugin:processResources UP-TO-DATE
> Task :expo-gradle-plugin:expo-autolinking-plugin:compileKotlin UP-TO-DATE
> Task :expo-gradle-plugin:expo-autolinking-plugin:compileJava NO-SOURCE
> Task :gradle-plugin:react-native-gradle-plugin:compileKotlin UP-TO-DATE
> Task :expo-gradle-plugin:expo-autolinking-plugin:pluginDescriptors UP-TO-DATE
> Task :gradle-plugin:react-native-gradle-plugin:compileJava NO-SOURCE
> Task :gradle-plugin:react-native-gradle-plugin:pluginDescriptors UP-TO-DATE
> Task :expo-gradle-plugin:expo-autolinking-plugin:processResources UP-TO-DATE
> Task :expo-gradle-plugin:expo-autolinking-plugin:classes UP-TO-DATE
> Task :gradle-plugin:react-native-gradle-plugin:processResources UP-TO-DATE
> Task :gradle-plugin:react-native-gradle-plugin:classes UP-TO-DATE
> Task :expo-gradle-plugin:expo-autolinking-plugin:jar UP-TO-DATE
> Task :gradle-plugin:react-native-gradle-plugin:jar UP-TO-DATE
> Task :expo-module-gradle-plugin:compileKotlin UP-TO-DATE
> Task :expo-module-gradle-plugin:compileJava NO-SOURCE
> Task :expo-module-gradle-plugin:classes UP-TO-DATE
> Task :expo-module-gradle-plugin:jar UP-TO-DATE

> Configure project :
[32m[ExpoRootProject][0m Using the following versions:
  - buildTools:  [32m36.0.0[0m
  - minSdk:      [32m24[0m
  - compileSdk:  [32m36[0m
  - targetSdk:   [32m36[0m
  - ndk:         [32m27.1.12297006[0m
  - kotlin:      [32m2.1.20[0m
  - ksp:         [32m2.1.20-2.0.1[0m

> Configure project :expo

Using expo modules
  - [32mexpo-constants[0m (18.0.13)
  - [32mexpo-modules-core[0m (3.0.29)
  - [33m[≡ƒôª][0m [32mexpo-asset[0m (12.0.12)
  - [33m[≡ƒôª][0m [32mexpo-file-system[0m (19.0.21)
  - [33m[≡ƒôª][0m [32mexpo-font[0m (14.0.11)
  - [33m[≡ƒôª][0m [32mexpo-haptics[0m (15.0.8)
  - [33m[≡ƒôª][0m [32mexpo-image[0m (3.0.11)
  - [33m[≡ƒôª][0m [32mexpo-keep-awake[0m (15.0.8)
  - [33m[≡ƒôª][0m [32mexpo-linear-gradient[0m (15.0.8)
  - [33m[≡ƒôª][0m [32mexpo-linking[0m (8.0.11)
  - [33m[≡ƒôª][0m [32mexpo-localization[0m (17.0.8)
  - [33m[≡ƒôª][0m [32mexpo-splash-screen[0m (31.0.13)
  - [33m[≡ƒôª][0m [32mexpo-system-ui[0m (6.0.9)
  - [33m[≡ƒôª][0m [32mexpo-web-browser[0m (15.0.10)


> Task :expo-modules-core:preBuild UP-TO-DATE
> Task :expo:generatePackagesList UP-TO-DATE
> Task :app:generateAutolinkingNewArchitectureFiles UP-TO-DATE
> Task :expo:preBuild UP-TO-DATE
> Task :react-native-safe-area-context:generateCodegenSchemaFromJavaScript UP-TO-DATE
> Task :react-native-async-storage_async-storage:generateCodegenSchemaFromJavaScript UP-TO-DATE
> Task :app:generateAutolinkingPackageList UP-TO-DATE
> Task :react-native-screens:generateCodegenSchemaFromJavaScript UP-TO-DATE
> Task :react-native-gesture-handler:generateCodegenSchemaFromJavaScript UP-TO-DATE
> Task :app:generateCodegenSchemaFromJavaScript SKIPPED
> Task :app:generateCodegenArtifactsFromSchema SKIPPED
> Task :react-native-safe-area-context:generateCodegenArtifactsFromSchema UP-TO-DATE
> Task :react-native-gesture-handler:generateCodegenArtifactsFromSchema UP-TO-DATE
> Task :react-native-screens:generateCodegenArtifactsFromSchema UP-TO-DATE
> Task :react-native-safe-area-context:preBuild UP-TO-DATE
> Task :react-native-gesture-handler:preBuild UP-TO-DATE
> Task :expo-modules-core:preReleaseBuild UP-TO-DATE
> Task :app:generateReactNativeEntryPoint UP-TO-DATE
> Task :expo:preReleaseBuild UP-TO-DATE
> Task :react-native-gesture-handler:preReleaseBuild UP-TO-DATE
> Task :react-native-async-storage_async-storage:generateCodegenArtifactsFromSchema UP-TO-DATE
> Task :react-native-async-storage_async-storage:preBuild UP-TO-DATE
> Task :react-native-async-storage_async-storage:preReleaseBuild UP-TO-DATE
> Task :react-native-gesture-handler:mergeReleaseJniLibFolders UP-TO-DATE
> Task :react-native-screens:preBuild UP-TO-DATE
> Task :react-native-async-storage_async-storage:mergeReleaseJniLibFolders UP-TO-DATE
> Task :react-native-safe-area-context:preReleaseBuild UP-TO-DATE
> Task :react-native-screens:preReleaseBuild UP-TO-DATE
> Task :expo:mergeReleaseJniLibFolders UP-TO-DATE
> Task :react-native-async-storage_async-storage:mergeReleaseNativeLibs NO-SOURCE
> Task :expo:mergeReleaseNativeLibs NO-SOURCE
> Task :react-native-safe-area-context:mergeReleaseJniLibFolders UP-TO-DATE
> Task :expo:copyReleaseJniLibsProjectOnly UP-TO-DATE
> Task :react-native-safe-area-context:mergeReleaseNativeLibs NO-SOURCE
> Task :react-native-gesture-handler:checkKotlinGradlePluginConfigurationErrors SKIPPED
> Task :react-native-async-storage_async-storage:copyReleaseJniLibsProjectOnly UP-TO-DATE
> Task :react-native-safe-area-context:copyReleaseJniLibsProjectOnly UP-TO-DATE
> Task :react-native-safe-area-context:checkKotlinGradlePluginConfigurationErrors SKIPPED
> Task :react-native-gesture-handler:generateReleaseBuildConfig UP-TO-DATE
> Task :react-native-async-storage_async-storage:generateReleaseBuildConfig UP-TO-DATE
> Task :react-native-gesture-handler:generateReleaseResValues UP-TO-DATE
> Task :react-native-async-storage_async-storage:generateReleaseResValues UP-TO-DATE
> Task :react-native-async-storage_async-storage:generateReleaseResources UP-TO-DATE
> Task :react-native-gesture-handler:generateReleaseResources UP-TO-DATE
> Task :react-native-safe-area-context:generateReleaseBuildConfig UP-TO-DATE
> Task :react-native-gesture-handler:packageReleaseResources UP-TO-DATE
> Task :react-native-async-storage_async-storage:packageReleaseResources UP-TO-DATE
> Task :react-native-safe-area-context:generateReleaseResValues UP-TO-DATE
> Task :react-native-gesture-handler:parseReleaseLocalResources UP-TO-DATE
> Task :react-native-async-storage_async-storage:parseReleaseLocalResources UP-TO-DATE
> Task :react-native-safe-area-context:generateReleaseResources UP-TO-DATE
> Task :react-native-gesture-handler:generateReleaseRFile UP-TO-DATE
> Task :react-native-async-storage_async-storage:generateReleaseRFile UP-TO-DATE
> Task :react-native-gesture-handler:javaPreCompileRelease UP-TO-DATE
> Task :react-native-async-storage_async-storage:javaPreCompileRelease UP-TO-DATE
> Task :expo:checkKotlinGradlePluginConfigurationErrors SKIPPED
> Task :expo:generateReleaseBuildConfig UP-TO-DATE
> Task :expo:generateReleaseResValues UP-TO-DATE
> Task :react-native-safe-area-context:packageReleaseResources UP-TO-DATE
> Task :expo:generateReleaseResources UP-TO-DATE
> Task :expo:packageReleaseResources UP-TO-DATE
> Task :react-native-safe-area-context:parseReleaseLocalResources UP-TO-DATE
> Task :expo:parseReleaseLocalResources UP-TO-DATE
> Task :expo:generateReleaseRFile UP-TO-DATE
> Task :expo:javaPreCompileRelease UP-TO-DATE
> Task :react-native-async-storage_async-storage:compileReleaseJavaWithJavac UP-TO-DATE
> Task :app:buildKotlinToolingMetadata UP-TO-DATE
> Task :app:checkKotlinGradlePluginConfigurationErrors SKIPPED
> Task :react-native-async-storage_async-storage:bundleLibRuntimeToDirRelease UP-TO-DATE
> Task :expo:writeReleaseAarMetadata UP-TO-DATE
> Task :react-native-async-storage_async-storage:writeReleaseAarMetadata UP-TO-DATE
> Task :react-native-gesture-handler:writeReleaseAarMetadata UP-TO-DATE
> Task :react-native-safe-area-context:generateReleaseRFile UP-TO-DATE
> Task :expo:extractDeepLinksRelease UP-TO-DATE
> Task :expo:processReleaseManifest UP-TO-DATE
> Task :react-native-async-storage_async-storage:extractDeepLinksRelease UP-TO-DATE
> Task :react-native-async-storage_async-storage:processReleaseManifest UP-TO-DATE
> Task :react-native-gesture-handler:extractDeepLinksRelease UP-TO-DATE
> Task :react-native-gesture-handler:processReleaseManifest UP-TO-DATE
> Task :expo:compileReleaseLibraryResources UP-TO-DATE
> Task :react-native-async-storage_async-storage:compileReleaseLibraryResources UP-TO-DATE
> Task :react-native-gesture-handler:compileReleaseLibraryResources UP-TO-DATE
> Task :react-native-async-storage_async-storage:bundleLibCompileToJarRelease UP-TO-DATE
> Task :expo:prepareReleaseArtProfile UP-TO-DATE
> Task :expo-modules-core:configureCMakeRelWithDebInfo[arm64-v8a]
> Task :react-native-screens:configureCMakeRelWithDebInfo[arm64-v8a]
> Task :react-native-async-storage_async-storage:prepareReleaseArtProfile UP-TO-DATE
> Task :react-native-gesture-handler:prepareReleaseArtProfile UP-TO-DATE
> Task :react-native-async-storage_async-storage:bundleLibRuntimeToJarRelease UP-TO-DATE
> Task :expo:mergeReleaseShaders UP-TO-DATE
> Task :expo:compileReleaseShaders NO-SOURCE
> Task :expo:generateReleaseAssets UP-TO-DATE
> Task :expo:mergeReleaseAssets UP-TO-DATE
> Task :react-native-async-storage_async-storage:mergeReleaseShaders UP-TO-DATE
> Task :react-native-async-storage_async-storage:compileReleaseShaders NO-SOURCE
> Task :react-native-async-storage_async-storage:generateReleaseAssets UP-TO-DATE
> Task :react-native-async-storage_async-storage:mergeReleaseAssets UP-TO-DATE
> Task :react-native-gesture-handler:mergeReleaseShaders UP-TO-DATE
> Task :react-native-gesture-handler:compileReleaseShaders NO-SOURCE
> Task :react-native-gesture-handler:generateReleaseAssets UP-TO-DATE
> Task :react-native-gesture-handler:mergeReleaseAssets UP-TO-DATE
> Task :expo:extractProguardFiles UP-TO-DATE
> Task :expo:prepareLintJarForPublish UP-TO-DATE
> Task :react-native-async-storage_async-storage:processReleaseJavaRes NO-SOURCE
> Task :react-native-async-storage_async-storage:createFullJarRelease UP-TO-DATE
> Task :react-native-async-storage_async-storage:extractProguardFiles UP-TO-DATE
> Task :react-native-async-storage_async-storage:generateReleaseLintModel UP-TO-DATE
> Task :react-native-async-storage_async-storage:prepareLintJarForPublish UP-TO-DATE
> Task :react-native-gesture-handler:extractProguardFiles UP-TO-DATE
> Task :react-native-gesture-handler:prepareLintJarForPublish UP-TO-DATE
> Task :react-native-gesture-handler:extractDeepLinksForAarRelease UP-TO-DATE
> Task :react-native-async-storage_async-storage:stripReleaseDebugSymbols NO-SOURCE
> Task :react-native-safe-area-context:compileReleaseKotlin UP-TO-DATE
> Task :react-native-safe-area-context:javaPreCompileRelease UP-TO-DATE
> Task :react-native-async-storage_async-storage:copyReleaseJniLibsProjectAndLocalJars UP-TO-DATE
> Task :react-native-async-storage_async-storage:extractDeepLinksForAarRelease UP-TO-DATE
> Task :app:createBundleReleaseJsAndAssets UP-TO-DATE
> Task :react-native-async-storage_async-storage:extractReleaseAnnotations UP-TO-DATE
> Task :expo:stripReleaseDebugSymbols NO-SOURCE
> Task :react-native-async-storage_async-storage:mergeReleaseGeneratedProguardFiles UP-TO-DATE
> Task :expo:copyReleaseJniLibsProjectAndLocalJars UP-TO-DATE
> Task :react-native-async-storage_async-storage:mergeReleaseConsumerProguardFiles UP-TO-DATE
> Task :expo:extractDeepLinksForAarRelease UP-TO-DATE
> Task :react-native-safe-area-context:compileReleaseJavaWithJavac UP-TO-DATE
> Task :react-native-async-storage_async-storage:mergeReleaseJavaResource UP-TO-DATE
> Task :react-native-safe-area-context:bundleLibRuntimeToDirRelease UP-TO-DATE
> Task :react-native-async-storage_async-storage:syncReleaseLibJars UP-TO-DATE
> Task :expo:writeReleaseLintModelMetadata UP-TO-DATE
> Task :react-native-gesture-handler:writeReleaseLintModelMetadata UP-TO-DATE
> Task :react-native-async-storage_async-storage:bundleReleaseLocalLintAar UP-TO-DATE
> Task :react-native-safe-area-context:writeReleaseAarMetadata UP-TO-DATE
> Task :react-native-safe-area-context:extractDeepLinksRelease UP-TO-DATE
> Task :react-native-safe-area-context:processReleaseManifest UP-TO-DATE
> Task :react-native-safe-area-context:compileReleaseLibraryResources UP-TO-DATE
> Task :react-native-safe-area-context:bundleLibCompileToJarRelease UP-TO-DATE
> Task :react-native-safe-area-context:prepareReleaseArtProfile UP-TO-DATE
> Task :react-native-safe-area-context:bundleLibRuntimeToJarRelease UP-TO-DATE
> Task :react-native-safe-area-context:mergeReleaseShaders UP-TO-DATE
> Task :react-native-safe-area-context:compileReleaseShaders NO-SOURCE
> Task :react-native-safe-area-context:generateReleaseAssets UP-TO-DATE
> Task :react-native-safe-area-context:mergeReleaseAssets UP-TO-DATE
> Task :react-native-safe-area-context:processReleaseJavaRes UP-TO-DATE
> Task :react-native-safe-area-context:createFullJarRelease UP-TO-DATE
> Task :react-native-safe-area-context:extractProguardFiles UP-TO-DATE
> Task :react-native-safe-area-context:generateReleaseLintModel UP-TO-DATE
> Task :react-native-safe-area-context:prepareLintJarForPublish UP-TO-DATE
> Task :react-native-safe-area-context:stripReleaseDebugSymbols NO-SOURCE
> Task :react-native-safe-area-context:copyReleaseJniLibsProjectAndLocalJars UP-TO-DATE
> Task :react-native-safe-area-context:extractDeepLinksForAarRelease UP-TO-DATE
> Task :react-native-safe-area-context:extractReleaseAnnotations UP-TO-DATE
> Task :react-native-safe-area-context:mergeReleaseGeneratedProguardFiles UP-TO-DATE
> Task :react-native-safe-area-context:mergeReleaseConsumerProguardFiles UP-TO-DATE
> Task :react-native-safe-area-context:mergeReleaseJavaResource UP-TO-DATE
> Task :react-native-screens:buildCMakeRelWithDebInfo[arm64-v8a]
> Task :react-native-safe-area-context:syncReleaseLibJars UP-TO-DATE
> Task :react-native-safe-area-context:bundleReleaseLocalLintAar UP-TO-DATE
> Task :react-native-async-storage_async-storage:writeReleaseLintModelMetadata UP-TO-DATE
> Task :react-native-async-storage_async-storage:generateReleaseLintVitalModel UP-TO-DATE
> Task :react-native-async-storage_async-storage:bundleReleaseAar UP-TO-DATE
> Task :react-native-async-storage_async-storage:mapReleaseSourceSetPaths UP-TO-DATE
> Task :react-native-screens:configureCMakeRelWithDebInfo[armeabi-v7a]
> Task :expo-modules-core:buildCMakeRelWithDebInfo[arm64-v8a]
> Task :react-native-worklets:assertMinimalReactNativeVersionTask
> Task :react-native-worklets:assertNewArchitectureEnabledTask SKIPPED
> Task :react-native-async-storage_async-storage:mergeReleaseResources UP-TO-DATE
> Task :expo-modules-core:configureCMakeRelWithDebInfo[armeabi-v7a]
> Task :react-native-safe-area-context:writeReleaseLintModelMetadata UP-TO-DATE
> Task :react-native-worklets:generateCodegenSchemaFromJavaScript UP-TO-DATE
> Task :react-native-safe-area-context:generateReleaseLintVitalModel UP-TO-DATE
> Task :react-native-worklets:generateCodegenArtifactsFromSchema UP-TO-DATE
> Task :react-native-worklets:prepareWorkletsHeadersForPrefabs UP-TO-DATE
> Task :react-native-worklets:preBuild
> Task :react-native-worklets:preReleaseBuild
> Task :react-native-async-storage_async-storage:verifyReleaseResources UP-TO-DATE
> Task :react-native-screens:buildCMakeRelWithDebInfo[armeabi-v7a]
> Task :react-native-async-storage_async-storage:assembleRelease UP-TO-DATE
> Task :react-native-safe-area-context:bundleReleaseAar UP-TO-DATE
> Task :react-native-safe-area-context:mapReleaseSourceSetPaths UP-TO-DATE
> Task :react-native-worklets:configureCMakeRelWithDebInfo[arm64-v8a]
> Task :react-native-worklets:configureCMakeRelWithDebInfo[armeabi-v7a]
> Task :react-native-reanimated:assertMinimalReactNativeVersionTask
> Task :react-native-reanimated:assertNewArchitectureEnabledTask SKIPPED
> Task :react-native-screens:configureCMakeRelWithDebInfo[x86]
> Task :react-native-worklets:configureCMakeRelWithDebInfo[x86]
> Task :react-native-worklets:configureCMakeRelWithDebInfo[x86_64]
> Task :react-native-worklets:generateJsonModelRelease
> Task :react-native-worklets:prefabReleaseConfigurePackage UP-TO-DATE
> Task :react-native-safe-area-context:mergeReleaseResources UP-TO-DATE
> Task :react-native-safe-area-context:verifyReleaseResources UP-TO-DATE
> Task :react-native-safe-area-context:assembleRelease UP-TO-DATE

> Task :expo-constants:createExpoConfig
.\gradlew.bat : The NODE_ENV environment variable 
is required but was not specified. Ensure the 
project is bundled with Expo CLI or NODE_ENV is 
set. Using only .env.local and .env
At line:1 char:213
+ ... app\android"; .\gradlew.bat assembleRelease 
--stacktrace 2>&1 | Out-F ...
+                   
~~~~~~~~~~~~~~~~~~~~~~~~~~~~~~~~~~~~~~~~~~~~~~~
    + CategoryInfo          : NotSpecified: (The  
   NODE_ENV en....local and .env:String) [], Rem  
  oteException
    + FullyQualifiedErrorId : NativeCommandError
 

> Task :expo-modules-core:buildCMakeRelWithDebInfo[armeabi-v7a]
> Task :react-native-screens:buildCMakeRelWithDebInfo[x86]
> Task :expo-modules-core:configureCMakeRelWithDebInfo[x86]
> Task :react-native-screens:configureCMakeRelWithDebInfo[x86_64]
> Task :react-native-worklets:buildCMakeRelWithDebInfo[arm64-v8a][worklets]
> Task :expo-constants:preBuild
> Task :expo-constants:preReleaseBuild
> Task :expo-constants:mergeReleaseJniLibFolders UP-TO-DATE
> Task :expo-constants:mergeReleaseNativeLibs NO-SOURCE
> Task :expo-constants:copyReleaseJniLibsProjectOnly UP-TO-DATE
> Task :expo-constants:checkKotlinGradlePluginConfigurationErrors SKIPPED
> Task :expo-constants:generateReleaseBuildConfig UP-TO-DATE
> Task :expo-constants:generateReleaseResValues UP-TO-DATE
> Task :expo-modules-core:buildCMakeRelWithDebInfo[x86]
> Task :expo-constants:generateReleaseResources UP-TO-DATE
> Task :expo-constants:packageReleaseResources UP-TO-DATE
> Task :react-native-screens:buildCMakeRelWithDebInfo[x86_64]
> Task :expo-constants:parseReleaseLocalResources UP-TO-DATE
> Task :react-native-screens:mergeReleaseJniLibFolders UP-TO-DATE
> Task :expo-constants:generateReleaseRFile UP-TO-DATE
> Task :expo-constants:javaPreCompileRelease UP-TO-DATE
> Task :expo-constants:writeReleaseAarMetadata UP-TO-DATE
> Task :expo-constants:extractDeepLinksRelease UP-TO-DATE
> Task :react-native-screens:mergeReleaseNativeLibs UP-TO-DATE
> Task :expo-constants:processReleaseManifest UP-TO-DATE
> Task :expo-constants:compileReleaseLibraryResources UP-TO-DATE
> Task :expo-constants:prepareReleaseArtProfile UP-TO-DATE
> Task :expo-constants:mergeReleaseShaders UP-TO-DATE
> Task :expo-constants:compileReleaseShaders NO-SOURCE
> Task :expo-constants:generateReleaseAssets UP-TO-DATE
> Task :expo-constants:mergeReleaseAssets UP-TO-DATE
> Task :expo-constants:extractProguardFiles UP-TO-DATE
> Task :expo-constants:prepareLintJarForPublish UP-TO-DATE
> Task :expo-constants:stripReleaseDebugSymbols NO-SOURCE
> Task :expo-constants:copyReleaseJniLibsProjectAndLocalJars UP-TO-DATE
> Task :expo-constants:extractDeepLinksForAarRelease UP-TO-DATE
> Task :expo-constants:writeReleaseLintModelMetadata UP-TO-DATE
> Task :expo-constants:mapReleaseSourceSetPaths UP-TO-DATE
> Task :react-native-screens:copyReleaseJniLibsProjectOnly UP-TO-DATE
> Task :react-native-screens:checkKotlinGradlePluginConfigurationErrors SKIPPED
> Task :react-native-screens:generateReleaseBuildConfig UP-TO-DATE
> Task :react-native-screens:generateReleaseResValues UP-TO-DATE
> Task :expo-constants:mergeReleaseResources UP-TO-DATE
> Task :react-native-screens:generateReleaseResources UP-TO-DATE
> Task :expo-constants:verifyReleaseResources UP-TO-DATE
> Task :react-native-screens:packageReleaseResources UP-TO-DATE
> Task :expo-modules-core:configureCMakeRelWithDebInfo[x86_64]
> Task :react-native-screens:parseReleaseLocalResources UP-TO-DATE
> Task :react-native-reanimated:assertWorkletsVersionTask
> Task :react-native-reanimated:generateCodegenSchemaFromJavaScript UP-TO-DATE
> Task :react-native-screens:generateReleaseRFile UP-TO-DATE
> Task :react-native-reanimated:generateCodegenArtifactsFromSchema UP-TO-DATE
> Task :react-native-reanimated:prepareReanimatedHeadersForPrefabs UP-TO-DATE
> Task :react-native-reanimated:preBuild
> Task :app:preBuild
> Task :app:preReleaseBuild
> Task :react-native-reanimated:preReleaseBuild
> Task :app:mergeReleaseJniLibFolders UP-TO-DATE
> Task :app:checkReleaseDuplicateClasses UP-TO-DATE
> Task :app:generateReleaseBuildConfig UP-TO-DATE
> Task :app:generateReleaseResValues UP-TO-DATE
> Task :app:generateReleaseResources UP-TO-DATE
> Task :app:packageReleaseResources UP-TO-DATE
> Task :app:parseReleaseLocalResources UP-TO-DATE
> Task :app:createReleaseCompatibleScreenManifests UP-TO-DATE
> Task :app:extractDeepLinksRelease UP-TO-DATE
> Task :app:javaPreCompileRelease UP-TO-DATE
> Task :app:desugarReleaseFileDependencies UP-TO-DATE
> Task :app:mergeReleaseStartupProfile UP-TO-DATE
> Task :app:mergeExtDexRelease UP-TO-DATE
> Task :app:mergeReleaseShaders UP-TO-DATE
> Task :app:compileReleaseShaders NO-SOURCE
> Task :app:generateReleaseAssets UP-TO-DATE
> Task :app:extractReleaseVersionControlInfo UP-TO-DATE
> Task :app:extractProguardFiles UP-TO-DATE
> Task :app:collectReleaseDependencies UP-TO-DATE
> Task :app:sdkReleaseDependencyData UP-TO-DATE
> Task :app:validateSigningRelease UP-TO-DATE
> Task :app:writeReleaseAppMetadata UP-TO-DATE
> Task :app:writeReleaseSigningConfigVersions UP-TO-DATE
> Task :react-native-screens:compileReleaseKotlin UP-TO-DATE
> Task :react-native-screens:javaPreCompileRelease UP-TO-DATE
> Task :react-native-screens:compileReleaseJavaWithJavac UP-TO-DATE
> Task :react-native-screens:bundleLibRuntimeToDirRelease UP-TO-DATE
> Task :react-native-screens:writeReleaseAarMetadata UP-TO-DATE
> Task :react-native-screens:extractDeepLinksRelease UP-TO-DATE
> Task :expo-modules-core:buildCMakeRelWithDebInfo[x86_64]
> Task :react-native-screens:processReleaseManifest UP-TO-DATE
> Task :expo-modules-core:mergeReleaseJniLibFolders UP-TO-DATE
> Task :react-native-screens:compileReleaseLibraryResources UP-TO-DATE
> Task :react-native-screens:bundleLibCompileToJarRelease UP-TO-DATE
> Task :react-native-screens:prepareReleaseArtProfile UP-TO-DATE
> Task :expo-modules-core:mergeReleaseNativeLibs UP-TO-DATE
> Task :react-native-screens:bundleLibRuntimeToJarRelease UP-TO-DATE
> Task :react-native-screens:mergeReleaseShaders UP-TO-DATE
> Task :react-native-screens:compileReleaseShaders NO-SOURCE
> Task :react-native-screens:generateReleaseAssets UP-TO-DATE
> Task :expo-modules-core:copyReleaseJniLibsProjectOnly UP-TO-DATE
> Task :react-native-screens:mergeReleaseAssets UP-TO-DATE
> Task :expo-modules-core:checkKotlinGradlePluginConfigurationErrors SKIPPED
> Task :expo-modules-core:generateReleaseBuildConfig UP-TO-DATE
> Task :expo-modules-core:generateReleaseResValues UP-TO-DATE
> Task :expo-modules-core:generateReleaseResources UP-TO-DATE
> Task :react-native-screens:processReleaseJavaRes UP-TO-DATE
> Task :react-native-screens:createFullJarRelease UP-TO-DATE
> Task :react-native-screens:extractProguardFiles UP-TO-DATE
> Task :expo-modules-core:packageReleaseResources UP-TO-DATE
> Task :expo-modules-core:parseReleaseLocalResources UP-TO-DATE
> Task :expo:mapReleaseSourceSetPaths UP-TO-DATE
> Task :expo-modules-core:generateReleaseRFile UP-TO-DATE
> Task :react-native-screens:generateReleaseLintModel UP-TO-DATE
> Task :react-native-screens:prepareLintJarForPublish UP-TO-DATE
> Task :react-native-worklets:buildCMakeRelWithDebInfo[armeabi-v7a][worklets]
> Task :react-native-screens:stripReleaseDebugSymbols UP-TO-DATE
> Task :react-native-screens:copyReleaseJniLibsProjectAndLocalJars UP-TO-DATE
> Task :react-native-screens:extractDeepLinksForAarRelease UP-TO-DATE
> Task :react-native-screens:extractReleaseAnnotations UP-TO-DATE
> Task :react-native-screens:mergeReleaseGeneratedProguardFiles UP-TO-DATE
> Task :react-native-screens:mergeReleaseConsumerProguardFiles UP-TO-DATE
> Task :react-native-screens:mergeReleaseJavaResource UP-TO-DATE
> Task :react-native-screens:syncReleaseLibJars UP-TO-DATE
> Task :react-native-screens:bundleReleaseLocalLintAar UP-TO-DATE
> Task :expo:mergeReleaseResources UP-TO-DATE
> Task :react-native-screens:writeReleaseLintModelMetadata UP-TO-DATE
> Task :react-native-screens:generateReleaseLintVitalModel UP-TO-DATE
> Task :react-native-screens:bundleReleaseAar UP-TO-DATE
> Task :expo-modules-core:compileReleaseKotlin UP-TO-DATE
> Task :expo-modules-core:javaPreCompileRelease UP-TO-DATE
> Task :react-native-screens:mapReleaseSourceSetPaths UP-TO-DATE
> Task :expo-modules-core:compileReleaseJavaWithJavac UP-TO-DATE
> Task :expo-modules-core:bundleLibCompileToJarRelease UP-TO-DATE
> Task :react-native-screens:mergeReleaseResources UP-TO-DATE
> Task :react-native-screens:verifyReleaseResources UP-TO-DATE
> Task :react-native-screens:assembleRelease UP-TO-DATE
> Task :expo-modules-core:bundleLibRuntimeToDirRelease UP-TO-DATE
> Task :expo-modules-core:writeReleaseAarMetadata UP-TO-DATE
> Task :expo-constants:compileReleaseKotlin UP-TO-DATE
> Task :expo-modules-core:extractDeepLinksRelease UP-TO-DATE
> Task :expo-modules-core:processReleaseManifest UP-TO-DATE
> Task :expo-modules-core:compileReleaseLibraryResources UP-TO-DATE
> Task :expo-modules-core:prepareReleaseArtProfile UP-TO-DATE
> Task :expo-modules-core:bundleLibRuntimeToJarRelease UP-TO-DATE
> Task :expo-constants:compileReleaseJavaWithJavac UP-TO-DATE
> Task :expo-constants:bundleLibCompileToJarRelease UP-TO-DATE
> Task :react-native-worklets:buildCMakeRelWithDebInfo[x86][worklets]
> Task :expo-constants:bundleLibRuntimeToDirRelease UP-TO-DATE
> Task :expo-constants:bundleLibRuntimeToJarRelease UP-TO-DATE
> Task :expo-modules-core:mergeReleaseShaders UP-TO-DATE
> Task :expo-modules-core:compileReleaseShaders NO-SOURCE
> Task :expo-modules-core:generateReleaseAssets UP-TO-DATE
> Task :expo-modules-core:mergeReleaseAssets UP-TO-DATE
> Task :expo-constants:processReleaseJavaRes UP-TO-DATE
> Task :expo-constants:createFullJarRelease UP-TO-DATE
> Task :expo:compileReleaseKotlin UP-TO-DATE
> Task :expo-constants:extractReleaseAnnotations UP-TO-DATE
> Task :expo-constants:mergeReleaseGeneratedProguardFiles UP-TO-DATE
> Task :expo-constants:mergeReleaseConsumerProguardFiles UP-TO-DATE
> Task :expo-modules-core:processReleaseJavaRes UP-TO-DATE
> Task :expo-constants:mergeReleaseJavaResource UP-TO-DATE
> Task :expo-modules-core:createFullJarRelease UP-TO-DATE
> Task :expo:compileReleaseJavaWithJavac UP-TO-DATE
> Task :expo-constants:syncReleaseLibJars UP-TO-DATE
> Task :expo-modules-core:extractProguardFiles UP-TO-DATE
> Task :expo:bundleLibRuntimeToDirRelease UP-TO-DATE
> Task :expo-constants:bundleReleaseLocalLintAar UP-TO-DATE
> Task :expo:bundleLibCompileToJarRelease UP-TO-DATE
> Task :expo:bundleLibRuntimeToJarRelease UP-TO-DATE
> Task :expo-constants:bundleReleaseAar UP-TO-DATE
> Task :expo:processReleaseJavaRes UP-TO-DATE
> Task :expo-constants:assembleRelease UP-TO-DATE
> Task :expo:createFullJarRelease UP-TO-DATE
> Task :expo-modules-core:generateReleaseLintModel UP-TO-DATE
> Task :expo-modules-core:prepareLintJarForPublish UP-TO-DATE
> Task :expo:extractReleaseAnnotations UP-TO-DATE
> Task :expo:mergeReleaseGeneratedProguardFiles UP-TO-DATE
> Task :expo-modules-core:stripReleaseDebugSymbols UP-TO-DATE
> Task :expo:mergeReleaseConsumerProguardFiles UP-TO-DATE
> Task :expo-modules-core:copyReleaseJniLibsProjectAndLocalJars UP-TO-DATE
> Task :expo:mergeReleaseJavaResource UP-TO-DATE
> Task :expo-constants:generateReleaseLintModel UP-TO-DATE
> Task :expo-modules-core:extractDeepLinksForAarRelease UP-TO-DATE
> Task :expo-constants:generateReleaseLintVitalModel UP-TO-DATE
> Task :expo-modules-core:extractReleaseAnnotations UP-TO-DATE
> Task :expo-modules-core:mergeReleaseGeneratedProguardFiles UP-TO-DATE
> Task :expo-modules-core:mergeReleaseConsumerProguardFiles UP-TO-DATE
> Task :expo-modules-core:mergeReleaseJavaResource UP-TO-DATE
> Task :expo-modules-core:syncReleaseLibJars UP-TO-DATE
> Task :expo:generateReleaseLintModel UP-TO-DATE
> Task :expo-modules-core:bundleReleaseLocalLintAar UP-TO-DATE
> Task :expo-modules-core:writeReleaseLintModelMetadata UP-TO-DATE
> Task :expo:syncReleaseLibJars UP-TO-DATE
> Task :expo:bundleReleaseLocalLintAar UP-TO-DATE
> Task :expo-modules-core:generateReleaseLintVitalModel UP-TO-DATE
> Task :expo-modules-core:bundleReleaseAar UP-TO-DATE
> Task :expo-modules-core:mapReleaseSourceSetPaths UP-TO-DATE
> Task :expo:generateReleaseLintVitalModel UP-TO-DATE
> Task :expo:bundleReleaseAar UP-TO-DATE
> Task :expo:verifyReleaseResources UP-TO-DATE
> Task :expo:assembleRelease UP-TO-DATE
> Task :expo-modules-core:mergeReleaseResources UP-TO-DATE
> Task :expo-modules-core:verifyReleaseResources UP-TO-DATE
> Task :expo-modules-core:assembleRelease UP-TO-DATE
> Task :react-native-worklets:buildCMakeRelWithDebInfo[x86_64][worklets]
> Task :react-native-worklets:externalNativeBuildRelease
> Task :react-native-worklets:prefabReleasePackage UP-TO-DATE
> Task :react-native-worklets:mergeReleaseJniLibFolders UP-TO-DATE
> Task :react-native-worklets:mergeReleaseNativeLibs UP-TO-DATE
> Task :react-native-worklets:copyReleaseJniLibsProjectOnly UP-TO-DATE
> Task :react-native-worklets:generateReleaseBuildConfig UP-TO-DATE
> Task :react-native-worklets:generateReleaseResValues UP-TO-DATE
> Task :react-native-worklets:generateReleaseResources UP-TO-DATE
> Task :react-native-worklets:packageReleaseResources UP-TO-DATE
> Task :react-native-reanimated:configureCMakeRelWithDebInfo[arm64-v8a]
> Task :react-native-worklets:parseReleaseLocalResources UP-TO-DATE
> Task :react-native-worklets:generateReleaseRFile UP-TO-DATE
> Task :react-native-worklets:javaPreCompileRelease UP-TO-DATE
> Task :react-native-worklets:compileReleaseJavaWithJavac UP-TO-DATE
> Task :react-native-worklets:bundleLibCompileToJarRelease UP-TO-DATE
> Task :react-native-reanimated:configureCMakeRelWithDebInfo[armeabi-v7a]
> Task :react-native-worklets:bundleLibRuntimeToDirRelease UP-TO-DATE
> Task :react-native-worklets:writeReleaseAarMetadata UP-TO-DATE
> Task :react-native-worklets:extractDeepLinksRelease UP-TO-DATE
> Task :react-native-worklets:processReleaseManifest UP-TO-DATE
> Task :react-native-worklets:compileReleaseLibraryResources UP-TO-DATE
> Task :react-native-worklets:prepareReleaseArtProfile UP-TO-DATE
> Task :react-native-worklets:bundleLibRuntimeToJarRelease UP-TO-DATE
> Task :react-native-worklets:mergeReleaseShaders UP-TO-DATE
> Task :react-native-worklets:compileReleaseShaders NO-SOURCE
> Task :react-native-worklets:generateReleaseAssets UP-TO-DATE
> Task :react-native-worklets:mergeReleaseAssets UP-TO-DATE
> Task :react-native-worklets:processReleaseJavaRes NO-SOURCE
> Task :react-native-worklets:createFullJarRelease UP-TO-DATE
> Task :react-native-worklets:extractProguardFiles UP-TO-DATE
> Task :react-native-reanimated:configureCMakeRelWithDebInfo[x86]
> Task :react-native-worklets:generateReleaseLintModel UP-TO-DATE
> Task :react-native-worklets:prepareLintJarForPublish UP-TO-DATE
> Task :react-native-worklets:stripReleaseDebugSymbols UP-TO-DATE
> Task :react-native-worklets:copyReleaseJniLibsProjectAndLocalJars UP-TO-DATE
> Task :react-native-worklets:extractDeepLinksForAarRelease UP-TO-DATE
> Task :react-native-worklets:extractReleaseAnnotations UP-TO-DATE
> Task :react-native-worklets:mergeReleaseGeneratedProguardFiles UP-TO-DATE
> Task :react-native-worklets:mergeReleaseConsumerProguardFiles UP-TO-DATE
> Task :react-native-worklets:mergeReleaseJavaResource UP-TO-DATE
> Task :react-native-worklets:syncReleaseLibJars UP-TO-DATE
> Task :react-native-reanimated:configureCMakeRelWithDebInfo[x86_64]
> Task :react-native-reanimated:generateJsonModelRelease
> Task :react-native-worklets:bundleReleaseLocalLintAar UP-TO-DATE
> Task :react-native-reanimated:prefabReleaseConfigurePackage UP-TO-DATE
> Task :react-native-worklets:writeReleaseLintModelMetadata UP-TO-DATE
> Task :react-native-worklets:generateReleaseLintVitalModel UP-TO-DATE
> Task :react-native-worklets:bundleReleaseAar UP-TO-DATE
> Task :react-native-worklets:mapReleaseSourceSetPaths UP-TO-DATE
> Task :react-native-worklets:mergeReleaseResources UP-TO-DATE
> Task :react-native-worklets:verifyReleaseResources UP-TO-DATE
> Task :react-native-worklets:assembleRelease UP-TO-DATE
> Task :react-native-reanimated:buildCMakeRelWithDebInfo[arm64-v8a][reanimated]
> Task :react-native-reanimated:buildCMakeRelWithDebInfo[armeabi-v7a][reanimated]
> Task :react-native-reanimated:buildCMakeRelWithDebInfo[x86][reanimated]
> Task :react-native-reanimated:buildCMakeRelWithDebInfo[x86_64][reanimated]
> Task :react-native-reanimated:externalNativeBuildRelease
> Task :react-native-reanimated:prefabReleasePackage UP-TO-DATE
> Task :react-native-reanimated:mergeReleaseJniLibFolders UP-TO-DATE
> Task :react-native-reanimated:mergeReleaseNativeLibs UP-TO-DATE
> Task :react-native-reanimated:copyReleaseJniLibsProjectOnly UP-TO-DATE
> Task :react-native-reanimated:generateReleaseBuildConfig UP-TO-DATE
> Task :react-native-reanimated:generateReleaseResValues UP-TO-DATE
> Task :react-native-reanimated:generateReleaseResources UP-TO-DATE
> Task :react-native-reanimated:packageReleaseResources UP-TO-DATE
> Task :react-native-reanimated:parseReleaseLocalResources UP-TO-DATE
> Task :react-native-reanimated:generateReleaseRFile UP-TO-DATE
> Task :react-native-reanimated:javaPreCompileRelease UP-TO-DATE
> Task :react-native-reanimated:compileReleaseJavaWithJavac UP-TO-DATE
> Task :react-native-reanimated:bundleLibCompileToJarRelease UP-TO-DATE
> Task :react-native-reanimated:bundleLibRuntimeToDirRelease UP-TO-DATE
> Task :react-native-reanimated:writeReleaseAarMetadata UP-TO-DATE
> Task :react-native-reanimated:extractDeepLinksRelease UP-TO-DATE
> Task :react-native-reanimated:processReleaseManifest UP-TO-DATE
> Task :react-native-reanimated:compileReleaseLibraryResources UP-TO-DATE
> Task :react-native-reanimated:prepareReleaseArtProfile UP-TO-DATE
> Task :react-native-reanimated:bundleLibRuntimeToJarRelease UP-TO-DATE
> Task :app:configureCMakeRelWithDebInfo[arm64-v8a]
> Task :react-native-reanimated:mergeReleaseShaders UP-TO-DATE
> Task :react-native-reanimated:compileReleaseShaders NO-SOURCE
> Task :react-native-reanimated:generateReleaseAssets UP-TO-DATE
> Task :react-native-reanimated:mergeReleaseAssets UP-TO-DATE
> Task :react-native-reanimated:processReleaseJavaRes NO-SOURCE
> Task :react-native-reanimated:createFullJarRelease UP-TO-DATE
> Task :react-native-reanimated:extractProguardFiles UP-TO-DATE
> Task :react-native-reanimated:generateReleaseLintModel UP-TO-DATE
> Task :react-native-reanimated:prepareLintJarForPublish UP-TO-DATE
> Task :react-native-reanimated:stripReleaseDebugSymbols UP-TO-DATE
> Task :react-native-gesture-handler:configureCMakeRelWithDebInfo[arm64-v8a]
> Task :react-native-reanimated:extractDeepLinksForAarRelease UP-TO-DATE
> Task :react-native-reanimated:extractReleaseAnnotations UP-TO-DATE
> Task :react-native-reanimated:mergeReleaseGeneratedProguardFiles UP-TO-DATE
> Task :react-native-reanimated:mergeReleaseConsumerProguardFiles UP-TO-DATE
> Task :react-native-reanimated:mergeReleaseJavaResource UP-TO-DATE
> Task :react-native-reanimated:syncReleaseLibJars UP-TO-DATE
> Task :react-native-reanimated:writeReleaseLintModelMetadata UP-TO-DATE
> Task :react-native-reanimated:generateReleaseLintVitalModel UP-TO-DATE
> Task :react-native-reanimated:mapReleaseSourceSetPaths UP-TO-DATE
> Task :react-native-reanimated:mergeReleaseResources UP-TO-DATE
> Task :react-native-reanimated:verifyReleaseResources UP-TO-DATE
> Task :react-native-gesture-handler:buildCMakeRelWithDebInfo[arm64-v8a]
> Task :react-native-gesture-handler:configureCMakeRelWithDebInfo[armeabi-v7a]

> Task :app:buildCMakeRelWithDebInfo[arm64-v8a] FAILED
C/C++: ninja: error: Stat(safeareacontext_autolinked_build/CMakeFiles/react_codegen_safeareacontext.dir/C_/Users/Yogesh/.gemini/antigravity/scratch/train-seat-app/node_modules/react-native-safe-area-context/common/cpp/react/renderer/components/safeareacontext/RNCSafeAreaViewShadowNode.cpp.o): Filename longer than 260 characters

> Task :react-native-gesture-handler:buildCMakeRelWithDebInfo[armeabi-v7a]
> Task :react-native-reanimated:copyReleaseJniLibsProjectAndLocalJars
> Task :react-native-async-storage_async-storage:lintVitalAnalyzeRelease
> Task :react-native-safe-area-context:lintVitalAnalyzeRelease
> Task :react-native-screens:lintVitalAnalyzeRelease

[Incubating] Problems report is available at: file:///C:/Users/Yogesh/.gemini/antigravity/scratch/train-seat-app/android/build/reports/problems/problems-report.html

FAILURE: Build failed with an exception.

* What went wrong:
Execution failed for task 
':app:buildCMakeRelWithDebInfo[arm64-v8a]'.
> 
com.android.ide.common.process.ProcessException: 
ninja: Entering directory `C:\Users\Yogesh\.gemini
\antigravity\scratch\train-seat-app\android\app\.c
xx\RelWithDebInfo\6o5u4k4i\arm64-v8a'
  [0/2] Re-checking globbed directories...
  
  C++ build system [build] failed while executing:
      @echo off
      "C:\\Users\\Yogesh\\AppData\\Local\\Android\
\Sdk\\cmake\\3.22.1\\bin\\ninja.exe" ^
        -C ^
        "C:\\Users\\Yogesh\\.gemini\\antigravity\\
scratch\\train-seat-app\\android\\app\\.cxx\\RelWi
thDebInfo\\6o5u4k4i\\arm64-v8a" ^
        appmodules ^
        react_codegen_rnscreens ^
        react_codegen_safeareacontext
    from C:\Users\Yogesh\.gemini\antigravity\scrat
ch\train-seat-app\android\app
  ninja: error: Stat(safeareacontext_autolinked_bu
ild/CMakeFiles/react_codegen_safeareacontext.dir/C
_/Users/Yogesh/.gemini/antigravity/scratch/train-s
eat-app/node_modules/react-native-safe-area-contex
t/common/cpp/react/renderer/components/safeareacon
text/RNCSafeAreaViewShadowNode.cpp.o): Filename 
longer than 260 characters

* Try:
> Run with --info or --debug option to get more 
log output.
> Run with --scan to get full insights.
> Get more help at https://help.gradle.org.

* Exception is:
org.gradle.api.tasks.TaskExecutionException: 
Execution failed for task 
':app:buildCMakeRelWithDebInfo[arm64-v8a]'.
	at org.gradle.api.internal.tasks.execution.Execut
eActionsTaskExecuter.lambda$executeIfValid$1(Execu
teActionsTaskExecuter.java:130)
	at org.gradle.internal.Try$Failure.ifSuccessfulOr
Else(Try.java:293)
	at org.gradle.api.internal.tasks.execution.Execut
eActionsTaskExecuter.executeIfValid(ExecuteActions
TaskExecuter.java:128)
	at org.gradle.api.internal.tasks.execution.Execut
eActionsTaskExecuter.execute(ExecuteActionsTaskExe
cuter.java:116)
	at org.gradle.api.internal.tasks.execution.Proble
msTaskPathTrackingTaskExecuter.execute(ProblemsTas
kPathTrackingTaskExecuter.java:41)
	at org.gradle.api.internal.tasks.execution.Finali
zePropertiesTaskExecuter.execute(FinalizePropertie
sTaskExecuter.java:46)
	at org.gradle.api.internal.tasks.execution.Resolv
eTaskExecutionModeExecuter.execute(ResolveTaskExec
utionModeExecuter.java:51)
	at org.gradle.api.internal.tasks.execution.SkipTa
skWithNoActionsExecuter.execute(SkipTaskWithNoActi
onsExecuter.java:57)
	at org.gradle.api.internal.tasks.execution.SkipOn
lyIfTaskExecuter.execute(SkipOnlyIfTaskExecuter.ja
va:74)
	at org.gradle.api.internal.tasks.execution.CatchE
xceptionTaskExecuter.execute(CatchExceptionTaskExe
cuter.java:36)
	at org.gradle.api.internal.tasks.execution.EventF
iringTaskExecuter$1.executeTask(EventFiringTaskExe
cuter.java:77)
	at org.gradle.api.internal.tasks.execution.EventF
iringTaskExecuter$1.call(EventFiringTaskExecuter.j
ava:55)
	at org.gradle.api.internal.tasks.execution.EventF
iringTaskExecuter$1.call(EventFiringTaskExecuter.j
ava:52)
	at org.gradle.internal.operations.DefaultBuildOpe
rationRunner$CallableBuildOperationWorker.execute(
DefaultBuildOperationRunner.java:210)
	at org.gradle.internal.operations.DefaultBuildOpe
rationRunner$CallableBuildOperationWorker.execute(
DefaultBuildOperationRunner.java:205)
	at org.gradle.internal.operations.DefaultBuildOpe
rationRunner$2.execute(DefaultBuildOperationRunner
.java:67)
	at org.gradle.internal.operations.DefaultBuildOpe
rationRunner$2.execute(DefaultBuildOperationRunner
.java:60)
	at org.gradle.internal.operations.DefaultBuildOpe
rationRunner.execute(DefaultBuildOperationRunner.j
ava:167)
	at org.gradle.internal.operations.DefaultBuildOpe
rationRunner.execute(DefaultBuildOperationRunner.j
ava:60)
	at org.gradle.internal.operations.DefaultBuildOpe
rationRunner.call(DefaultBuildOperationRunner.java
:54)
	at org.gradle.api.internal.tasks.execution.EventF
iringTaskExecuter.execute(EventFiringTaskExecuter.
java:52)
	at org.gradle.execution.plan.LocalTaskNodeExecuto
r.execute(LocalTaskNodeExecutor.java:42)
	at org.gradle.execution.taskgraph.DefaultTaskExec
utionGraph$InvokeNodeExecutorsAction.execute(Defau
ltTaskExecutionGraph.java:331)
	at org.gradle.execution.taskgraph.DefaultTaskExec
utionGraph$InvokeNodeExecutorsAction.execute(Defau
ltTaskExecutionGraph.java:318)
	at org.gradle.execution.taskgraph.DefaultTaskExec
utionGraph$BuildOperationAwareExecutionAction.lamb
da$execute$0(DefaultTaskExecutionGraph.java:314)
	at org.gradle.internal.operations.CurrentBuildOpe
rationRef.with(CurrentBuildOperationRef.java:85)
	at org.gradle.execution.taskgraph.DefaultTaskExec
utionGraph$BuildOperationAwareExecutionAction.exec
ute(DefaultTaskExecutionGraph.java:314)
	at org.gradle.execution.taskgraph.DefaultTaskExec
utionGraph$BuildOperationAwareExecutionAction.exec
ute(DefaultTaskExecutionGraph.java:303)
	at org.gradle.execution.plan.DefaultPlanExecutor$
ExecutorWorker.execute(DefaultPlanExecutor.java:45
9)
	at org.gradle.execution.plan.DefaultPlanExecutor$
ExecutorWorker.run(DefaultPlanExecutor.java:376)
	at org.gradle.internal.concurrent.ExecutorPolicy$
CatchAndRecordFailures.onExecute(ExecutorPolicy.ja
va:64)
	at org.gradle.internal.concurrent.AbstractManaged
Executor$1.run(AbstractManagedExecutor.java:48)
Caused by: 
org.gradle.internal.UncheckedException: 
com.android.ide.common.process.ProcessException: 
ninja: Entering directory `C:\Users\Yogesh\.gemini
\antigravity\scratch\train-seat-app\android\app\.c
xx\RelWithDebInfo\6o5u4k4i\arm64-v8a'
[0/2] Re-checking globbed directories...

C++ build system [build] failed while executing:
    @echo off
    "C:\\Users\\Yogesh\\AppData\\Local\\Android\\S
dk\\cmake\\3.22.1\\bin\\ninja.exe" ^
      -C ^
      "C:\\Users\\Yogesh\\.gemini\\antigravity\\sc
ratch\\train-seat-app\\android\\app\\.cxx\\RelWith
DebInfo\\6o5u4k4i\\arm64-v8a" ^
      appmodules ^
      react_codegen_rnscreens ^
      react_codegen_safeareacontext
  from C:\Users\Yogesh\.gemini\antigravity\scratch
\train-seat-app\android\app
ninja: error: Stat(safeareacontext_autolinked_buil
d/CMakeFiles/react_codegen_safeareacontext.dir/C_/
Users/Yogesh/.gemini/antigravity/scratch/train-sea
t-app/node_modules/react-native-safe-area-context/
common/cpp/react/renderer/components/safeareaconte
xt/RNCSafeAreaViewShadowNode.cpp.o): Filename 
longer than 260 characters

	at org.gradle.internal.UncheckedException.throwAs
UncheckedException(UncheckedException.java:69)
	at org.gradle.internal.UncheckedException.throwAs
UncheckedException(UncheckedException.java:42)
	at org.gradle.internal.reflect.JavaMethod.invoke(
JavaMethod.java:128)
	at org.gradle.api.internal.project.taskfactory.St
andardTaskAction.doExecute(StandardTaskAction.java
:58)
	at org.gradle.api.internal.project.taskfactory.St
andardTaskAction.execute(StandardTaskAction.java:5
1)
	at org.gradle.api.internal.project.taskfactory.St
andardTaskAction.execute(StandardTaskAction.java:2
9)
	at org.gradle.api.internal.tasks.execution.TaskEx
ecution$3.run(TaskExecution.java:244)
	at org.gradle.internal.operations.DefaultBuildOpe
rationRunner$1.execute(DefaultBuildOperationRunner
.java:30)
	at org.gradle.internal.operations.DefaultBuildOpe
rationRunner$1.execute(DefaultBuildOperationRunner
.java:27)
	at org.gradle.internal.operations.DefaultBuildOpe
rationRunner$2.execute(DefaultBuildOperationRunner
.java:67)
	at org.gradle.internal.operations.DefaultBuildOpe
rationRunner$2.execute(DefaultBuildOperationRunner
.java:60)
	at org.gradle.internal.operations.DefaultBuildOpe
rationRunner.execute(DefaultBuildOperationRunner.j
ava:167)
	at org.gradle.internal.operations.DefaultBuildOpe
rationRunner.execute(DefaultBuildOperationRunner.j
ava:60)
	at org.gradle.internal.operations.DefaultBuildOpe
rationRunner.run(DefaultBuildOperationRunner.java:
48)
	at org.gradle.api.internal.tasks.execution.TaskEx
ecution.executeAction(TaskExecution.java:229)
	at org.gradle.api.internal.tasks.execution.TaskEx
ecution.executeActions(TaskExecution.java:212)
	at org.gradle.api.internal.tasks.execution.TaskEx
ecution.executeWithPreviousOutputFiles(TaskExecuti
on.java:195)
	at org.gradle.api.internal.tasks.execution.TaskEx
ecution.execute(TaskExecution.java:162)
	at org.gradle.internal.execution.steps.ExecuteSte
p.executeInternal(ExecuteStep.java:105)
	at org.gradle.internal.execution.steps.ExecuteSte
p.access$000(ExecuteStep.java:44)
	at org.gradle.internal.execution.steps.ExecuteSte
p$1.call(ExecuteStep.java:59)
	at org.gradle.internal.execution.steps.ExecuteSte
p$1.call(ExecuteStep.java:56)
	at org.gradle.internal.operations.DefaultBuildOpe
rationRunner$CallableBuildOperationWorker.execute(
DefaultBuildOperationRunner.java:210)
	at org.gradle.internal.operations.DefaultBuildOpe
rationRunner$CallableBuildOperationWorker.execute(
DefaultBuildOperationRunner.java:205)
	at org.gradle.internal.operations.DefaultBuildOpe
rationRunner$2.execute(DefaultBuildOperationRunner
.java:67)
	at org.gradle.internal.operations.DefaultBuildOpe
rationRunner$2.execute(DefaultBuildOperationRunner
.java:60)
	at org.gradle.internal.operations.DefaultBuildOpe
rationRunner.execute(DefaultBuildOperationRunner.j
ava:167)
	at org.gradle.internal.operations.DefaultBuildOpe
rationRunner.execute(DefaultBuildOperationRunner.j
ava:60)
	at org.gradle.internal.operations.DefaultBuildOpe
rationRunner.call(DefaultBuildOperationRunner.java
:54)
	at org.gradle.internal.execution.steps.ExecuteSte
p.execute(ExecuteStep.java:56)
	at org.gradle.internal.execution.steps.ExecuteSte
p.execute(ExecuteStep.java:44)
	at org.gradle.internal.execution.steps.CancelExec
utionStep.execute(CancelExecutionStep.java:42)
	at org.gradle.internal.execution.steps.TimeoutSte
p.executeWithoutTimeout(TimeoutStep.java:75)
	at org.gradle.internal.execution.steps.TimeoutSte
p.execute(TimeoutStep.java:55)
	at org.gradle.internal.execution.steps.PreCreateO
utputParentsStep.execute(PreCreateOutputParentsSte
p.java:50)
	at org.gradle.internal.execution.steps.PreCreateO
utputParentsStep.execute(PreCreateOutputParentsSte
p.java:28)
	at org.gradle.internal.execution.steps.RemovePrev
iousOutputsStep.execute(RemovePreviousOutputsStep.
java:67)
	at org.gradle.internal.execution.steps.RemovePrev
iousOutputsStep.execute(RemovePreviousOutputsStep.
java:37)
	at org.gradle.internal.execution.steps.BroadcastC
hangingOutputsStep.execute(BroadcastChangingOutput
sStep.java:61)
	at org.gradle.internal.execution.steps.BroadcastC
hangingOutputsStep.execute(BroadcastChangingOutput
sStep.java:26)
	at org.gradle.internal.execution.steps.CaptureOut
putsAfterExecutionStep.execute(CaptureOutputsAfter
ExecutionStep.java:69)
	at org.gradle.internal.execution.steps.CaptureOut
putsAfterExecutionStep.execute(CaptureOutputsAfter
ExecutionStep.java:46)
	at org.gradle.internal.execution.steps.ResolveInp
utChangesStep.execute(ResolveInputChangesStep.java
:40)
	at org.gradle.internal.execution.steps.ResolveInp
utChangesStep.execute(ResolveInputChangesStep.java
:29)
	at org.gradle.internal.execution.steps.BuildCache
Step.executeWithoutCache(BuildCacheStep.java:189)
	at org.gradle.internal.execution.steps.BuildCache
Step.lambda$execute$1(BuildCacheStep.java:75)
	at org.gradle.internal.Either$Right.fold(Either.j
ava:175)
	at org.gradle.internal.execution.caching.CachingS
tate.fold(CachingState.java:62)
	at org.gradle.internal.execution.steps.BuildCache
Step.execute(BuildCacheStep.java:73)
	at org.gradle.internal.execution.steps.BuildCache
Step.execute(BuildCacheStep.java:48)
	at org.gradle.internal.execution.steps.StoreExecu
tionStateStep.execute(StoreExecutionStateStep.java
:46)
	at org.gradle.internal.execution.steps.StoreExecu
tionStateStep.execute(StoreExecutionStateStep.java
:35)
	at org.gradle.internal.execution.steps.SkipUpToDa
teStep.executeBecause(SkipUpToDateStep.java:75)
	at org.gradle.internal.execution.steps.SkipUpToDa
teStep.lambda$execute$2(SkipUpToDateStep.java:53)
	at org.gradle.internal.execution.steps.SkipUpToDa
teStep.execute(SkipUpToDateStep.java:53)
	at org.gradle.internal.execution.steps.SkipUpToDa
teStep.execute(SkipUpToDateStep.java:35)
	at org.gradle.internal.execution.steps.legacy.Mar
kSnapshottingInputsFinishedStep.execute(MarkSnapsh
ottingInputsFinishedStep.java:37)
	at org.gradle.internal.execution.steps.legacy.Mar
kSnapshottingInputsFinishedStep.execute(MarkSnapsh
ottingInputsFinishedStep.java:27)
	at org.gradle.internal.execution.steps.ResolveInc
rementalCachingStateStep.executeDelegate(ResolveIn
crementalCachingStateStep.java:49)
	at org.gradle.internal.execution.steps.ResolveInc
rementalCachingStateStep.executeDelegate(ResolveIn
crementalCachingStateStep.java:27)
	at org.gradle.internal.execution.steps.AbstractRe
solveCachingStateStep.execute(AbstractResolveCachi
ngStateStep.java:71)
	at org.gradle.internal.execution.steps.AbstractRe
solveCachingStateStep.execute(AbstractResolveCachi
ngStateStep.java:39)
	at org.gradle.internal.execution.steps.ResolveCha
ngesStep.execute(ResolveChangesStep.java:65)
	at org.gradle.internal.execution.steps.ResolveCha
ngesStep.execute(ResolveChangesStep.java:36)
	at org.gradle.internal.execution.steps.ValidateSt
ep.execute(ValidateStep.java:107)
	at org.gradle.internal.execution.steps.ValidateSt
ep.execute(ValidateStep.java:56)
	at org.gradle.internal.execution.steps.AbstractCa
ptureStateBeforeExecutionStep.execute(AbstractCapt
ureStateBeforeExecutionStep.java:64)
	at org.gradle.internal.execution.steps.AbstractCa
ptureStateBeforeExecutionStep.execute(AbstractCapt
ureStateBeforeExecutionStep.java:43)
	at org.gradle.internal.execution.steps.AbstractSk
ipEmptyWorkStep.executeWithNonEmptySources(Abstrac
tSkipEmptyWorkStep.java:125)
	at org.gradle.internal.execution.steps.AbstractSk
ipEmptyWorkStep.execute(AbstractSkipEmptyWorkStep.
java:56)
	at org.gradle.internal.execution.steps.AbstractSk
ipEmptyWorkStep.execute(AbstractSkipEmptyWorkStep.
java:36)
	at org.gradle.internal.execution.steps.legacy.Mar
kSnapshottingInputsStartedStep.execute(MarkSnapsho
ttingInputsStartedStep.java:38)
	at org.gradle.internal.execution.steps.LoadPrevio
usExecutionStateStep.execute(LoadPreviousExecution
StateStep.java:36)
	at org.gradle.internal.execution.steps.LoadPrevio
usExecutionStateStep.execute(LoadPreviousExecution
StateStep.java:23)
	at org.gradle.internal.execution.steps.HandleStal
eOutputsStep.execute(HandleStaleOutputsStep.java:7
5)
	at org.gradle.internal.execution.steps.HandleStal
eOutputsStep.execute(HandleStaleOutputsStep.java:4
1)
	at org.gradle.internal.execution.steps.AssignMuta
bleWorkspaceStep.lambda$execute$0(AssignMutableWor
kspaceStep.java:35)
	at org.gradle.api.internal.tasks.execution.TaskEx
ecution$4.withWorkspace(TaskExecution.java:289)
	at org.gradle.internal.execution.steps.AssignMuta
bleWorkspaceStep.execute(AssignMutableWorkspaceSte
p.java:31)
	at org.gradle.internal.execution.steps.AssignMuta
bleWorkspaceStep.execute(AssignMutableWorkspaceSte
p.java:22)
	at org.gradle.internal.execution.steps.ChoosePipe
lineStep.execute(ChoosePipelineStep.java:40)
	at org.gradle.internal.execution.steps.ChoosePipe
lineStep.execute(ChoosePipelineStep.java:23)
	at org.gradle.internal.execution.steps.ExecuteWor
kBuildOperationFiringStep.lambda$execute$2(Execute
WorkBuildOperationFiringStep.java:67)
	at org.gradle.internal.execution.steps.ExecuteWor
kBuildOperationFiringStep.execute(ExecuteWorkBuild
OperationFiringStep.java:67)
	at org.gradle.internal.execution.steps.ExecuteWor
kBuildOperationFiringStep.execute(ExecuteWorkBuild
OperationFiringStep.java:39)
	at org.gradle.internal.execution.steps.IdentityCa
cheStep.execute(IdentityCacheStep.java:46)
	at org.gradle.internal.execution.steps.IdentityCa
cheStep.execute(IdentityCacheStep.java:34)
	at org.gradle.internal.execution.steps.IdentifySt
ep.execute(IdentifyStep.java:48)
	at org.gradle.internal.execution.steps.IdentifySt
ep.execute(IdentifyStep.java:35)
	at org.gradle.internal.execution.impl.DefaultExec
utionEngine$1.execute(DefaultExecutionEngine.java:
64)
	at org.gradle.api.internal.tasks.execution.Execut
eActionsTaskExecuter.executeIfValid(ExecuteActions
TaskExecuter.java:127)
	at org.gradle.api.internal.tasks.execution.Execut
eActionsTaskExecuter.execute(ExecuteActionsTaskExe
cuter.java:116)
	at org.gradle.api.internal.tasks.execution.Proble
msTaskPathTrackingTaskExecuter.execute(ProblemsTas
kPathTrackingTaskExecuter.java:41)
	at org.gradle.api.internal.tasks.execution.Finali
zePropertiesTaskExecuter.execute(FinalizePropertie
sTaskExecuter.java:46)
	at org.gradle.api.internal.tasks.execution.Resolv
eTaskExecutionModeExecuter.execute(ResolveTaskExec
utionModeExecuter.java:51)
	at org.gradle.api.internal.tasks.execution.SkipTa
skWithNoActionsExecuter.execute(SkipTaskWithNoActi
onsExecuter.java:57)
	at org.gradle.api.internal.tasks.execution.SkipOn
lyIfTaskExecuter.execute(SkipOnlyIfTaskExecuter.ja
va:74)
	at org.gradle.api.internal.tasks.execution.CatchE
xceptionTaskExecuter.execute(CatchExceptionTaskExe
cuter.java:36)
	at org.gradle.api.internal.tasks.execution.EventF
iringTaskExecuter$1.executeTask(EventFiringTaskExe
cuter.java:77)
	at org.gradle.api.internal.tasks.execution.EventF
iringTaskExecuter$1.call(EventFiringTaskExecuter.j
ava:55)
	at org.gradle.api.internal.tasks.execution.EventF
iringTaskExecuter$1.call(EventFiringTaskExecuter.j
ava:52)
	at org.gradle.internal.operations.DefaultBuildOpe
rationRunner$CallableBuildOperationWorker.execute(
DefaultBuildOperationRunner.java:210)
	at org.gradle.internal.operations.DefaultBuildOpe
rationRunner$CallableBuildOperationWorker.execute(
DefaultBuildOperationRunner.java:205)
	at org.gradle.internal.operations.DefaultBuildOpe
rationRunner$2.execute(DefaultBuildOperationRunner
.java:67)
	at org.gradle.internal.operations.DefaultBuildOpe
rationRunner$2.execute(DefaultBuildOperationRunner
.java:60)
	at org.gradle.internal.operations.DefaultBuildOpe
rationRunner.execute(DefaultBuildOperationRunner.j
ava:167)
	at org.gradle.internal.operations.DefaultBuildOpe
rationRunner.execute(DefaultBuildOperationRunner.j
ava:60)
	at org.gradle.internal.operations.DefaultBuildOpe
rationRunner.call(DefaultBuildOperationRunner.java
:54)
	at org.gradle.api.internal.tasks.execution.EventF
iringTaskExecuter.execute(EventFiringTaskExecuter.
java:52)
	at org.gradle.execution.plan.LocalTaskNodeExecuto
r.execute(LocalTaskNodeExecutor.java:42)
	at org.gradle.execution.taskgraph.DefaultTaskExec
utionGraph$InvokeNodeExecutorsAction.execute(Defau
ltTaskExecutionGraph.java:331)
	at org.gradle.execution.taskgraph.DefaultTaskExec
utionGraph$InvokeNodeExecutorsAction.execute(Defau
ltTaskExecutionGraph.java:318)
	at org.gradle.execution.taskgraph.DefaultTaskExec
utionGraph$BuildOperationAwareExecutionAction.lamb
da$execute$0(DefaultTaskExecutionGraph.java:314)
	at org.gradle.internal.operations.CurrentBuildOpe
rationRef.with(CurrentBuildOperationRef.java:85)
	at org.gradle.execution.taskgraph.DefaultTaskExec
utionGraph$BuildOperationAwareExecutionAction.exec
ute(DefaultTaskExecutionGraph.java:314)
	at org.gradle.execution.taskgraph.DefaultTaskExec
utionGraph$BuildOperationAwareExecutionAction.exec
ute(DefaultTaskExecutionGraph.java:303)
	at org.gradle.execution.plan.DefaultPlanExecutor$
ExecutorWorker.execute(DefaultPlanExecutor.java:45
9)
	at org.gradle.execution.plan.DefaultPlanExecutor$
ExecutorWorker.run(DefaultPlanExecutor.java:376)
	at org.gradle.internal.concurrent.ExecutorPolicy$
CatchAndRecordFailures.onExecute(ExecutorPolicy.ja
va:64)
	at org.gradle.internal.concurrent.AbstractManaged
Executor$1.run(AbstractManagedExecutor.java:48)
Caused by: 
com.android.ide.common.process.ProcessException: 
ninja: Entering directory `C:\Users\Yogesh\.gemini
\antigravity\scratch\train-seat-app\android\app\.c
xx\RelWithDebInfo\6o5u4k4i\arm64-v8a'
[0/2] Re-checking globbed directories...

C++ build system [build] failed while executing:
    @echo off
    "C:\\Users\\Yogesh\\AppData\\Local\\Android\\S
dk\\cmake\\3.22.1\\bin\\ninja.exe" ^
      -C ^

Deprecated Gradle features were used in this build, making it incompatible with Gradle 9.0.

You can use '--warning-mode all' to show the individual deprecation warnings and determine if they come from your own scripts or plugins.

For more on this, please refer to https://docs.gradle.org/8.14.3/userguide/command_line_interface.html#sec:command_line_warnings in the Gradle documentation.
455 actionable tasks: 48 executed, 407 up-to-date
      "C:\\Users\\Yogesh\\.gemini\\antigravity\\sc
ratch\\train-seat-app\\android\\app\\.cxx\\RelWith
DebInfo\\6o5u4k4i\\arm64-v8a" ^
      appmodules ^
      react_codegen_rnscreens ^
      react_codegen_safeareacontext
  from C:\Users\Yogesh\.gemini\antigravity\scratch
\train-seat-app\android\app
ninja: error: Stat(safeareacontext_autolinked_buil
d/CMakeFiles/react_codegen_safeareacontext.dir/C_/
Users/Yogesh/.gemini/antigravity/scratch/train-sea
t-app/node_modules/react-native-safe-area-context/
common/cpp/react/renderer/components/safeareaconte
xt/RNCSafeAreaViewShadowNode.cpp.o): Filename 
longer than 260 characters

	at com.android.build.gradle.internal.cxx.process.
ExecuteProcessKt.execute(ExecuteProcess.kt:288)
	at com.android.build.gradle.internal.cxx.process.
ExecuteProcessKt$executeProcess$1.invoke(ExecutePr
ocess.kt:108)
	at com.android.build.gradle.internal.cxx.process.
ExecuteProcessKt$executeProcess$1.invoke(ExecutePr
ocess.kt:106)
	at com.android.build.gradle.internal.cxx.timing.T
imingEnvironmentKt.time(TimingEnvironment.kt:32)
	at com.android.build.gradle.internal.cxx.process.
ExecuteProcessKt.executeProcess(ExecuteProcess.kt:
106)
	at com.android.build.gradle.internal.cxx.process.
ExecuteProcessKt.executeProcess$default(ExecutePro
cess.kt:85)
	at com.android.build.gradle.internal.cxx.build.Cx
xRegularBuilder.executeProcessBatch(CxxRegularBuil
der.kt:332)
	at com.android.build.gradle.internal.cxx.build.Cx
xRegularBuilder.build(CxxRegularBuilder.kt:129)
	at com.android.build.gradle.tasks.ExternalNativeB
uildTask.doTaskAction(ExternalNativeBuildTask.kt:7
2)
	at com.android.build.gradle.internal.tasks.Unsafe
OutputsTask$taskAction$$inlined$recordTaskAction$1
.invoke(BaseTask.kt:59)
	at com.android.build.gradle.internal.tasks.Blocks
.recordSpan(Blocks.java:51)
	at com.android.build.gradle.internal.tasks.Unsafe
OutputsTask.taskAction(UnsafeOutputsTask.kt:81)
	at java.base/jdk.internal.reflect.DirectMethodHan
dleAccessor.invoke(Unknown Source)
	at org.gradle.internal.reflect.JavaMethod.invoke(
JavaMethod.java:125)
	... 117 more
Caused by: 
com.android.ide.common.process.ProcessException: 
Error while executing process C:\Users\Yogesh\AppD
ata\Local\Android\Sdk\cmake\3.22.1\bin\ninja.exe 
with arguments {-C C:\Users\Yogesh\.gemini\antigra
vity\scratch\train-seat-app\android\app\.cxx\RelWi
thDebInfo\6o5u4k4i\arm64-v8a appmodules 
react_codegen_rnscreens 
react_codegen_safeareacontext}
	at com.android.build.gradle.internal.process.Grad
leProcessResult.buildProcessException(GradleProces
sResult.java:73)
	at com.android.build.gradle.internal.process.Grad
leProcessResult.assertNormalExitValue(GradleProces
sResult.java:48)
	at com.android.build.gradle.internal.cxx.process.
ExecuteProcessKt.execute(ExecuteProcess.kt:277)
	... 130 more
Caused by: 
org.gradle.process.internal.ExecException: 
Process 'command 'C:\Users\Yogesh\AppData\Local\An
droid\Sdk\cmake\3.22.1\bin\ninja.exe'' finished 
with non-zero exit value 1
	at org.gradle.process.internal.DefaultExecHandle$
ExecResultImpl.assertNormalExitValue(DefaultExecHa
ndle.java:442)
	at com.android.build.gradle.internal.process.Grad
leProcessResult.assertNormalExitValue(GradleProces
sResult.java:46)
	... 131 more


BUILD FAILED in 49s
